<?xml version="1.0" encoding="UTF-8"?>
<TestRun id="b06825e8-2eaf-44dc-8c12-91e0ebf97002" name="Admin@D46 2022-03-17 10:25:07" runUser="D46\Admin" xmlns="http://microsoft.com/schemas/VisualStudio/TeamTest/2010">
  <TestSettings name="Local" id="904e1636-c7f5-45e3-b84f-b9dab1cc98be">
    <Description>These are default test settings for a local test run.</Description>
    <Deployment enabled="false" runDeploymentRoot="Admin_D46 2022-03-17 10_25_07">
      <DeploymentItem filename="D:\KTPM\Calculator\Calculator\Calculator\bin\Debug\Calculator.exe" />
    </Deployment>
    <Execution>
      <TestTypeSpecific />
      <AgentRule name="Execution Agents">
      </AgentRule>
    </Execution>
  </TestSettings>
  <Times creation="2022-03-17T10:25:07.8540000+07:00" queuing="2022-03-17T10:25:07.8720000+07:00" start="2022-03-17T10:25:07.8740000+07:00" finish="2022-03-17T10:25:08.0560000+07:00" />
  <ResultSummary outcome="Completed">
    <Counters total="1" executed="1" passed="1" error="0" failed="0" timeout="0" aborted="0" inconclusive="0" passedButRunAborted="0" notRunnable="0" notExecuted="0" disconnected="0" warning="0" completed="0" inProgress="0" pending="0" />
  </ResultSummary>
  <TestDefinitions>
    <UnitTest name="TestRadix1" storage="d:\ktpm\calculator\calculator\calculatortester\bin\debug\calculatortester.dll" id="17c4905e-03dd-7731-2c8e-bb6a3b78aefe">
      <Execution id="873ba9e8-6ff3-4b79-97b5-ef75a8bc7b47" />
      <TestMethod codeBase="D:/KTPM/Calculator/Calculator/CalculatorTester/bin/Debug/CalculatorTester.DLL" adapterTypeName="Microsoft.VisualStudio.TestTools.TestTypes.Unit.UnitTestAdapter, Microsoft.VisualStudio.QualityTools.Tips.UnitTest.Adapter, Version=10.0.0.0, Culture=neutral, PublicKeyToken=b03f5f7f11d50a3a" className="CalculatorTester.Cau3_Radix, CalculatorTester, Version=1.0.0.0, Culture=neutral, PublicKeyToken=null" name="TestRadix1" />
    </UnitTest>
  </TestDefinitions>
  <TestLists>
    <TestList name="Results Not in a List" id="8c84fa94-04c1-424b-9868-57a2d4851a1d" />
    <TestList name="All Loaded Results" id="19431567-8539-422a-85d7-44ee4e166bda" />
  </TestLists>
  <TestEntries>
    <TestEntry testId="17c4905e-03dd-7731-2c8e-bb6a3b78aefe" executionId="873ba9e8-6ff3-4b79-97b5-ef75a8bc7b47" testListId="8c84fa94-04c1-424b-9868-57a2d4851a1d" />
  </TestEntries>
  <Results>
    <UnitTestResult executionId="873ba9e8-6ff3-4b79-97b5-ef75a8bc7b47" testId="17c4905e-03dd-7731-2c8e-bb6a3b78aefe" testName="TestRadix1" computerName="D46" duration="00:00:00.0559321" startTime="2022-03-17T10:25:07.8790000+07:00" endTime="2022-03-17T10:25:08.0390000+07:00" testType="13cdc9d9-ddb5-4fa4-a97d-d965ccfc6d4b" outcome="Passed" testListId="8c84fa94-04c1-424b-9868-57a2d4851a1d" relativeResultsDirectory="873ba9e8-6ff3-4b79-97b5-ef75a8bc7b47">
    </UnitTestResult>
  </Results>
</TestRun>